MO gen_capabilities NULL gen_capabilities.v vlg6F/gen__capabilities.bin 1365927627
MO lm32_interrupt NULL lm32_interrupt.v vlg26/lm32__interrupt.bin 1365927627
MO conbus_arb5 NULL conbus_arb5.v vlg77/conbus__arb5.bin 1365927627
MO lm32_adder NULL lm32_adder.v vlg21/lm32__adder.bin 1365927627
MO lm32_load_store_unit NULL lm32_load_store_unit.v vlg48/lm32__load__store__unit.bin 1365927627
MO lm32_ram NULL lm32_ram.v vlg49/lm32__ram.bin 1365927627
MO lm32_mc_arithmetic NULL lm32_mc_arithmetic.v vlg42/lm32__mc__arithmetic.bin 1365927627
MO conbus5x6 NULL conbus5x6.v vlg35/conbus5x6.bin 1365927627
MO lm32_shifter NULL lm32_shifter.v vlg7E/lm32__shifter.bin 1365927627
MO uart_transceiver NULL uart_transceiver.v vlg05/uart__transceiver.bin 1365927627
MO bram NULL bram.v vlg4E/bram.bin 1365927627
MO csrbrg NULL csrbrg.v vlg1F/csrbrg.bin 1365927627
MO lm32_multiplier NULL lm32_multiplier.v vlg6C/lm32__multiplier.bin 1365927627
MO lm32_logic_op NULL lm32_logic_op.v vlg61/lm32__logic__op.bin 1365927627
MO sysctl_icap NULL sysctl_icap.v vlg36/sysctl__icap.bin 1365927627
MO system NULL system.v vlg19/system.bin 1365927627
MO lm32_decoder NULL lm32_decoder.v vlg07/lm32__decoder.bin 1365927627
MO lm32_cpu NULL lm32_cpu.v vlg25/lm32__cpu.bin 1365927627
MO lm32_icache NULL lm32_icache.v vlg66/lm32__icache.bin 1365927627
MO sysctl NULL sysctl.v vlg3A/sysctl.bin 1365927627
MO lm32_dcache NULL lm32_dcache.v vlg5D/lm32__dcache.bin 1365927627
MO lm32_addsub NULL lm32_addsub.v vlg74/lm32__addsub.bin 1365927627
MO lm32_top NULL lm32_top.v vlg44/lm32__top.bin 1365927627
MO lm32_instruction_unit NULL lm32_instruction_unit.v vlg3A/lm32__instruction__unit.bin 1365927627
MO uart NULL uart.v vlg48/uart.bin 1365927627
